GIT
Efectuar Instalación 
https://git-scm.com/downloads

Inicialización del proyecto 

git init 
Profesor@DESKTOP-ORPPTTD MINGW64 ~
$ pwd
/c/Users/Profesor

Profesor@DESKTOP-ORPPTTD MINGW64 ~
$ cd ..

Profesor@DESKTOP-ORPPTTD MINGW64 /c/Users
$ pwd
/c/Users

Profesor@DESKTOP-ORPPTTD MINGW64 /c/Users
$ cd ..

Profesor@DESKTOP-ORPPTTD MINGW64 /c
$ pwd
/c

Profesor@DESKTOP-ORPPTTD MINGW64 /c
$ cd c:

Profesor@DESKTOP-ORPPTTD MINGW64 /c
$ pwd
/c

Profesor@DESKTOP-ORPPTTD MINGW64 /c
$ ls
'$AV_ASW'/
'$Recycle.Bin'/
'$WinREAgent'/
 AVScanner.ini
'Archivos de programa'@
 Billy/
 Carrito-De-Compras/
 Config.Msi/
'Documents and Settings'@
 DumpStack.log.tmp
 ESP_JS_20240701/
 Gerardo/
 HTML5_N1_SAB_20240615/
 HTML_Jose/
 HTML_douglas/
 HTML_martes_jueves/
 HTML_martes_jueves.rar
 JD_html/
 JQ_Jose/
 JS_Jose/
 Jose_PHP/
 LP_SAB_20240518/
 Logica_J/
 Logica_Jose/
'New folder'/
'Nueva carpeta'/
 OneDriveTemp/
 POSTGRESQL_M_20240610/
 POSTGRESQL_T_20240610/
 PYTHON_NIVEL2_SAB_20241123/
 PYTHON_SAB_20241102/
 PerfLogs/
 Posgres_Jose/
'Program Files'/
'Program Files (x86)'/
 ProgramData/
 Py_Jose/
 Python/
 Recovery/
'System Volume Information'/
 Users/
 Windows/
 _logica/
 _mysql/
 aluirson/
 andres/
 composer/
 curso_pg/
 curso_python/
 elvis/
 hiberfil.sys
 jquery_curso/
 logica_sabado/
 msdia80.dll*
 pagefile.sys
 php_Jose/
 profesor_aristides/
 py_adrian/
 ricardo/
 swapfile.sys
 xampp/
 yaimar/
 yorgelis/

Profesor@DESKTOP-ORPPTTD MINGW64 /c
$ cd PYTHON_NIVEL2_SAB_20241123/

Profesor@DESKTOP-ORPPTTD MINGW64 /c/PYTHON_NIVEL2_SAB_20241123
$ ls
 DAVID/
 EdgarGil/
 Guía_Teórica_y_Ejercicios.pdf
 HENRY/
 MartinDLR/
'Python y BBDD MySQL.pdf'
 efrenyerB/

Profesor@DESKTOP-ORPPTTD MINGW64 /c/PYTHON_NIVEL2_SAB_20241123
$ git init
Initialized empty Git repository in C:/PYTHON_NIVEL2_SAB_20241123/.git/

Profesor@DESKTOP-ORPPTTD MINGW64 /c/PYTHON_NIVEL2_SAB_20241123 (master)
$ git status
On branch master

No commits yet

Untracked files:
  (use "git add <file>..." to include in what will be committed)
        DAVID/
        EdgarGil/
        "Gu\303\255a_Te\303\263rica_y_Ejercicios.pdf"
        HENRY/
        MartinDLR/
        Python y BBDD MySQL.pdf
        efrenyerB/

nothing added to commit but untracked files present (use "git add" to track)

Profesor@DESKTOP-ORPPTTD MINGW64 /c/PYTHON_NIVEL2_SAB_20241123 (master)
$ git add *.*

Profesor@DESKTOP-ORPPTTD MINGW64 /c/PYTHON_NIVEL2_SAB_20241123 (master)
$ git status
On branch master

No commits yet

Changes to be committed:
  (use "git rm --cached <file>..." to unstage)
        new file:   "Gu\303\255a_Te\303\263rica_y_Ejercicios.pdf"
        new file:   Python y BBDD MySQL.pdf

Untracked files:
  (use "git add <file>..." to include in what will be committed)
        DAVID/
        EdgarGil/
        HENRY/
        MartinDLR/
        efrenyerB/


Profesor@DESKTOP-ORPPTTD MINGW64 /c/PYTHON_NIVEL2_SAB_20241123 (master)
$ git add *.
fatal: pathspec '*.' did not match any files

Profesor@DESKTOP-ORPPTTD MINGW64 /c/PYTHON_NIVEL2_SAB_20241123 (master)
$ git add .
warning: in the working copy of 'DAVID/bdpyn2_david.sql', LF will be replaced by CRLF the next time Git touches it
warning: in the working copy of 'EdgarGil/bdpyn2_edgar (2).sql', LF will be replaced by CRLF the next time Git touches it
warning: in the working copy of 'EdgarGil/personas.sql', LF will be replaced by CRLF the next time Git touches it
warning: in the working copy of 'HENRY/bdpyn2_henry.sql', LF will be replaced by CRLF the next time Git touches it
warning: in the working copy of 'MartinDLR/bdpyn2_martindlr.sql', LF will be replaced by CRLF the next time Git touches it
warning: in the working copy of 'efrenyerB/bdpyn2_efrenyer.sql', LF will be replaced by CRLF the next time Git touches it

Profesor@DESKTOP-ORPPTTD MINGW64 /c/PYTHON_NIVEL2_SAB_20241123 (master)
$ git --version
git version 2.44.0.windows.1

Profesor@DESKTOP-ORPPTTD MINGW64 /c/PYTHON_NIVEL2_SAB_20241123 (master)
$ git config --global user.name "HENRY DUQUE"

Profesor@DESKTOP-ORPPTTD MINGW64 /c/PYTHON_NIVEL2_SAB_20241123 (master)
$ git config --global user.email hduqueuneweb@gmail.com

Profesor@DESKTOP-ORPPTTD MINGW64 /c/PYTHON_NIVEL2_SAB_20241123 (master)
$ git config --global core.editor "code --wait"

Profesor@DESKTOP-ORPPTTD MINGW64 /c/PYTHON_NIVEL2_SAB_20241123 (master)
$ git config --global -e

Profesor@DESKTOP-ORPPTTD MINGW64 /c/PYTHON_NIVEL2_SAB_20241123 (master)
$ git config --global core.autocrlf true

Profesor@DESKTOP-ORPPTTD MINGW64 /c/PYTHON_NIVEL2_SAB_20241123 (master)
$




